\BOOKMARK [1][-]{section*.3}{\376\377\000I\000n\000t\000r\000o\000d\000u\000c\000t\000i\000o\000n\000\040\000t\000o\000\040\000t\000h\000e\000\040\0002\0000\0002\0006\000\040\000M\000e\000a\000d\000\040\000G\000u\000i\000d\000e\000l\000i\000n\000e\000s}{}% 1
\BOOKMARK [1][-]{section*.5}{\376\377\000I\000n\000t\000r\000o\000d\000u\000c\000t\000i\000o\000n\000\040\000t\000o\000\040\000M\000e\000a\000d\000\040\000S\000t\000y\000l\000e\000s\000\040\000\050\000C\000a\000t\000e\000g\000o\000r\000i\000e\000s\000\040\000M\0001\000-\000M\0004\000\051}{}% 2
\BOOKMARK [2][-]{section*.7}{\376\377\000A\000r\000o\000m\000a\000\040\000a\000n\000d\000\040\000F\000l\000a\000v\000o\000r}{section*.5}% 3
\BOOKMARK [2][-]{section*.9}{\376\377\000A\000p\000p\000e\000a\000r\000a\000n\000c\000e}{section*.5}% 4
\BOOKMARK [2][-]{section*.11}{\376\377\000M\000o\000u\000t\000h\000f\000e\000e\000l}{section*.5}% 5
\BOOKMARK [2][-]{section*.13}{\376\377\000O\000v\000e\000r\000a\000l\000l\000\040\000I\000m\000p\000r\000e\000s\000s\000i\000o\000n}{section*.5}% 6
\BOOKMARK [2][-]{section*.15}{\376\377\000I\000n\000g\000r\000e\000d\000i\000e\000n\000t\000s}{section*.5}% 7
\BOOKMARK [2][-]{section*.17}{\376\377\000E\000n\000t\000r\000y\000\040\000I\000n\000s\000t\000r\000u\000c\000t\000i\000o\000n\000s}{section*.5}% 8
\BOOKMARK [1][-]{section*.19}{\376\377\000M\0001\000.\000\040\000T\000r\000a\000d\000i\000t\000i\000o\000n\000a\000l\000\040\000M\000e\000a\000d}{}% 9
\BOOKMARK [2][-]{section*.21}{\376\377\000M\0001\000A\000.\000\040\000D\000r\000y\000\040\000M\000e\000a\000d}{section*.19}% 10
\BOOKMARK [2][-]{section*.23}{\376\377\000M\0001\000B\000.\000\040\000S\000e\000m\000i\000-\000S\000w\000e\000e\000t\000\040\000M\000e\000a\000d}{section*.19}% 11
\BOOKMARK [2][-]{section*.25}{\376\377\000M\0001\000C\000.\000\040\000S\000w\000e\000e\000t\000\040\000M\000e\000a\000d}{section*.19}% 12
\BOOKMARK [1][-]{section*.27}{\376\377\000M\0002\000.\000\040\000M\000e\000l\000o\000m\000e\000l}{}% 13
\BOOKMARK [2][-]{section*.29}{\376\377\000M\0002\000A\000.\000\040\000C\000y\000s\000e\000r}{section*.27}% 14
\BOOKMARK [2][-]{section*.31}{\376\377\000M\0002\000B\000.\000\040\000P\000y\000m\000e\000n\000t}{section*.27}% 15
\BOOKMARK [2][-]{section*.33}{\376\377\000M\0002\000C\000.\000\040\000B\000e\000r\000r\000y\000\040\000M\000e\000a\000d}{section*.27}% 16
\BOOKMARK [2][-]{section*.35}{\376\377\000M\0002\000D\000.\000\040\000S\000t\000o\000n\000e\000\040\000F\000r\000u\000i\000t\000\040\000M\000e\000a\000d}{section*.27}% 17
\BOOKMARK [2][-]{section*.37}{\376\377\000M\0002\000E\000.\000\040\000O\000t\000h\000e\000r\000\040\000F\000r\000u\000i\000t\000\040\000M\000e\000a\000d}{section*.27}% 18
\BOOKMARK [1][-]{section*.39}{\376\377\000M\0003\000.\000\040\000S\000p\000i\000c\000e\000d\000\040\000M\000e\000a\000d}{}% 19
\BOOKMARK [2][-]{section*.41}{\376\377\000M\0003\000A\000.\000\040\000M\000e\000t\000h\000e\000g\000l\000i\000n}{section*.39}% 20
\BOOKMARK [2][-]{section*.43}{\376\377\000M\0003\000B\000.\000\040\000V\000e\000g\000e\000t\000a\000b\000l\000e\000\040\000M\000e\000a\000d}{section*.39}% 21
\BOOKMARK [2][-]{section*.45}{\376\377\000M\0003\000C\000.\000\040\000F\000r\000u\000i\000t\000\040\000a\000n\000d\000\040\000S\000p\000i\000c\000e\000\040\000M\000e\000a\000d}{section*.39}% 22
\BOOKMARK [1][-]{section*.47}{\376\377\000M\0004\000.\000\040\000S\000p\000e\000c\000i\000a\000l\000t\000y\000\040\000M\000e\000a\000d}{}% 23
\BOOKMARK [2][-]{section*.49}{\376\377\000M\0004\000A\000.\000\040\000B\000r\000a\000g\000g\000o\000t}{section*.47}% 24
\BOOKMARK [2][-]{section*.51}{\376\377\000M\0004\000B\000.\000\040\000B\000o\000c\000h\000e\000t}{section*.47}% 25
\BOOKMARK [2][-]{section*.53}{\376\377\000M\0004\000C\000.\000\040\000P\000o\000l\000i\000s\000h\000\040\000M\000e\000a\000d}{section*.47}% 26
\BOOKMARK [2][-]{section*.55}{\376\377\000M\0004\000D\000.\000\040\000W\000o\000o\000d\000-\000A\000g\000e\000d\000\040\000M\000e\000a\000d}{section*.47}% 27
\BOOKMARK [2][-]{section*.57}{\376\377\000M\0004\000E\000.\000\040\000B\000a\000r\000r\000e\000l\000-\000A\000g\000e\000d\000\040\000M\000e\000a\000d}{section*.47}% 28
\BOOKMARK [2][-]{section*.59}{\376\377\000M\0004\000F\000.\000\040\000E\000x\000p\000e\000r\000i\000m\000e\000n\000t\000a\000l\000\040\000M\000e\000a\000d}{section*.47}% 29
